<html>
<body>
<pre>
<h1>µVision Build Log</h1>
<h2>Tool Versions:</h2>
IDE-Version: ¦ÌVision V5.14.0.0
Copyright (C) 2015 ARM Ltd and ARM Germany GmbH. All rights reserved.
License Information: Xuanhe Zhou, BUPT, LIC=----
 
Tool Versions:
Toolchain:       MDK-Lite  Version: 5.14.0.0
Toolchain Path:  E:\robocon\Keil_v5\ARM\ARMCC\Bin
C Compiler:      Armcc.exe V5.05 update 1 (build 106)
Assembler:       Armasm.exe V5.05 update 1 (build 106)
Linker/Locator:  ArmLink.exe V5.05 update 1 (build 106)
Library Manager: ArmAr.exe V5.05 update 1 (build 106)
Hex Converter:   FromElf.exe V5.05 update 1 (build 106)
CPU DLL:         SARMCM3.DLL V5.14.0.0
Dialog DLL:      DCM.DLL V1.13.1.0
Target DLL:      Segger\JL2CM3.dll V2.99.13.0
Dialog DLL:      TCM.DLL V1.14.4.0
 
<h2>Project:</h2>
C:\Users\zxh\Desktop\¼¯Ñµ1\Can_Pair\Can_A\USER\Template.uvprojx
Project File Date:  09/26/2017

<h2>Output:</h2>
Build target 'Template'
compiling main.c...
..\CAN\can.h(81): warning:  #1295-D: Deprecated declaration can_init - give arg types
  int can_init();
..\CAN\can.h(82): warning:  #1295-D: Deprecated declaration can_rcc_config - give arg types
  void can_rcc_config();
..\CAN\can.h(83): warning:  #1295-D: Deprecated declaration can_gpio_config - give arg types
  void can_gpio_config();
..\CAN\can.h(84): warning:  #1295-D: Deprecated declaration can_nvic_config - give arg types
  void can_nvic_config();
main.c(139): warning:  #111-D: statement is unreachable
                return 0;
main.c(140): warning:  #1-D: last line of file ends without a newline
  }
main.c: 6 warnings, 0 errors
linking...
Program Size: Code=5560 RO-data=424 RW-data=28 ZI-data=5412  
FromELF: creating hex file...
"..\OBJ\Template.axf" - 0 Error(s), 6 Warning(s).

<h2>Collection of Component include folders:</h2>
  C:\Users\zxh\Desktop\¼¯Ñµ1\Can_Pair\Can_A\USER\RTE
  E:\robocon\Keil_v5\ARM\PACK\Keil\STM32F4xx_DFP\1.0.8\Device\Include

<h2>Collection of Component Files used:</h2>
</pre>
</body>
</html>
